Archive member included because of file (symbol)

c:/siliconlabs/simplicitystudio/v2/developer/toolchains/gnu_arm/4.7_2013q1/bin/../lib/gcc/arm-none-eabi/4.7.3/../../../../arm-none-eabi/lib/armv7-m\libc_s.a(lib_a-__atexit2.o)
                              c:/siliconlabs/simplicitystudio/v2/developer/toolchains/gnu_arm/4.7_2013q1/bin/../lib/gcc/arm-none-eabi/4.7.3/../../../../arm-none-eabi/lib/armv7-m/crt0.o (__register_exitproc)
c:/siliconlabs/simplicitystudio/v2/developer/toolchains/gnu_arm/4.7_2013q1/bin/../lib/gcc/arm-none-eabi/4.7.3/../../../../arm-none-eabi/lib/armv7-m\libc_s.a(lib_a-exit.o)
                              c:/siliconlabs/simplicitystudio/v2/developer/toolchains/gnu_arm/4.7_2013q1/bin/../lib/gcc/arm-none-eabi/4.7.3/../../../../arm-none-eabi/lib/armv7-m/crt0.o (exit)
c:/siliconlabs/simplicitystudio/v2/developer/toolchains/gnu_arm/4.7_2013q1/bin/../lib/gcc/arm-none-eabi/4.7.3/../../../../arm-none-eabi/lib/armv7-m\libc_s.a(lib_a-fini.o)
                              c:/siliconlabs/simplicitystudio/v2/developer/toolchains/gnu_arm/4.7_2013q1/bin/../lib/gcc/arm-none-eabi/4.7.3/../../../../arm-none-eabi/lib/armv7-m/crt0.o (__libc_fini_array)
c:/siliconlabs/simplicitystudio/v2/developer/toolchains/gnu_arm/4.7_2013q1/bin/../lib/gcc/arm-none-eabi/4.7.3/../../../../arm-none-eabi/lib/armv7-m\libc_s.a(lib_a-impure.o)
                              c:/siliconlabs/simplicitystudio/v2/developer/toolchains/gnu_arm/4.7_2013q1/bin/../lib/gcc/arm-none-eabi/4.7.3/../../../../arm-none-eabi/lib/armv7-m\libc_s.a(lib_a-exit.o) (_global_impure_ptr)
c:/siliconlabs/simplicitystudio/v2/developer/toolchains/gnu_arm/4.7_2013q1/bin/../lib/gcc/arm-none-eabi/4.7.3/../../../../arm-none-eabi/lib/armv7-m\libc_s.a(lib_a-init.o)
                              c:/siliconlabs/simplicitystudio/v2/developer/toolchains/gnu_arm/4.7_2013q1/bin/../lib/gcc/arm-none-eabi/4.7.3/../../../../arm-none-eabi/lib/armv7-m/crt0.o (__libc_init_array)
c:/siliconlabs/simplicitystudio/v2/developer/toolchains/gnu_arm/4.7_2013q1/bin/../lib/gcc/arm-none-eabi/4.7.3/../../../../arm-none-eabi/lib/armv7-m\libc_s.a(lib_a-memset.o)
                              c:/siliconlabs/simplicitystudio/v2/developer/toolchains/gnu_arm/4.7_2013q1/bin/../lib/gcc/arm-none-eabi/4.7.3/../../../../arm-none-eabi/lib/armv7-m/crt0.o (memset)
c:/siliconlabs/simplicitystudio/v2/developer/toolchains/gnu_arm/4.7_2013q1/bin/../lib/gcc/arm-none-eabi/4.7.3/../../../../arm-none-eabi/lib/armv7-m\libnosys.a(_exit.o)
                              c:/siliconlabs/simplicitystudio/v2/developer/toolchains/gnu_arm/4.7_2013q1/bin/../lib/gcc/arm-none-eabi/4.7.3/../../../../arm-none-eabi/lib/armv7-m\libc_s.a(lib_a-exit.o) (_exit)

Allocating common symbols
Common symbol       size              file

SystemCoreClock     0x4               ./CMSIS/efm32gg/system_efm32gg.o

Discarded input sections

 .text          0x00000000        0x0 c:/siliconlabs/simplicitystudio/v2/developer/toolchains/gnu_arm/4.7_2013q1/bin/../lib/gcc/arm-none-eabi/4.7.3/armv7-m/crti.o
 .data          0x00000000        0x0 c:/siliconlabs/simplicitystudio/v2/developer/toolchains/gnu_arm/4.7_2013q1/bin/../lib/gcc/arm-none-eabi/4.7.3/armv7-m/crti.o
 .bss           0x00000000        0x0 c:/siliconlabs/simplicitystudio/v2/developer/toolchains/gnu_arm/4.7_2013q1/bin/../lib/gcc/arm-none-eabi/4.7.3/armv7-m/crti.o
 .data          0x00000000        0x4 c:/siliconlabs/simplicitystudio/v2/developer/toolchains/gnu_arm/4.7_2013q1/bin/../lib/gcc/arm-none-eabi/4.7.3/armv7-m/crtbegin.o
 .data          0x00000000        0x0 c:/siliconlabs/simplicitystudio/v2/developer/toolchains/gnu_arm/4.7_2013q1/bin/../lib/gcc/arm-none-eabi/4.7.3/../../../../arm-none-eabi/lib/armv7-m/crt0.o
 .bss           0x00000000        0x0 c:/siliconlabs/simplicitystudio/v2/developer/toolchains/gnu_arm/4.7_2013q1/bin/../lib/gcc/arm-none-eabi/4.7.3/../../../../arm-none-eabi/lib/armv7-m/crt0.o
 .ARM.extab     0x00000000        0x0 c:/siliconlabs/simplicitystudio/v2/developer/toolchains/gnu_arm/4.7_2013q1/bin/../lib/gcc/arm-none-eabi/4.7.3/../../../../arm-none-eabi/lib/armv7-m/crt0.o
 .text          0x00000000        0x0 ./src/em_cmu.o
 .data          0x00000000        0x0 ./src/em_cmu.o
 .bss           0x00000000        0x0 ./src/em_cmu.o
 .text.CMU_Calibrate
                0x00000000       0x78 ./src/em_cmu.o
 .text.CMU_CalibrateConfig
                0x00000000       0x78 ./src/em_cmu.o
 .text.CMU_ClockDivGet
                0x00000000      0x100 ./src/em_cmu.o
 .text.CMU_ClockSelectGet
                0x00000000       0xb0 ./src/em_cmu.o
 .text.CMU_ClockFreqGet
                0x00000000      0x3c4 ./src/em_cmu.o
 .text.CMU_ClockEnable
                0x00000000       0xd0 ./src/em_cmu.o
 .text.CMU_ClockDivSet
                0x00000000      0x340 ./src/em_cmu.o
 .text.CMU_ClockSelectSet
                0x00000000      0x2c8 ./src/em_cmu.o
 .text.CMU_FreezeEnable
                0x00000000       0x2c ./src/em_cmu.o
 .text.CMU_AUXHFRCOBandGet
                0x00000000       0x10 ./src/em_cmu.o
 .text.CMU_AUXHFRCOBandSet
                0x00000000       0x84 ./src/em_cmu.o
 .text.CMU_HFRCOBandGet
                0x00000000       0x10 ./src/em_cmu.o
 .text.CMU_HFRCOBandSet
                0x00000000      0x184 ./src/em_cmu.o
 .text.CMU_HFRCOStartupDelayGet
                0x00000000       0x10 ./src/em_cmu.o
 .text.CMU_HFRCOStartupDelaySet
                0x00000000       0x1c ./src/em_cmu.o
 .text.CMU_LCDClkFDIVGet
                0x00000000        0x4 ./src/em_cmu.o
 .text.CMU_LCDClkFDIVSet
                0x00000000        0x4 ./src/em_cmu.o
 .text.CMU_OscillatorEnable
                0x00000000       0x60 ./src/em_cmu.o
 .text.CMU_OscillatorTuningGet
                0x00000000       0x3c ./src/em_cmu.o
 .text.CMU_OscillatorTuningSet
                0x00000000       0x54 ./src/em_cmu.o
 .text.CMU_PCNTClockExternalGet
                0x00000000       0x44 ./src/em_cmu.o
 .text.CMU_PCNTClockExternalSet
                0x00000000       0x10 ./src/em_cmu.o
 .debug_info    0x00000000     0x1de2 ./src/em_cmu.o
 .debug_abbrev  0x00000000      0x3ef ./src/em_cmu.o
 .debug_loc     0x00000000     0x20f1 ./src/em_cmu.o
 .debug_aranges
                0x00000000       0xc8 ./src/em_cmu.o
 .debug_ranges  0x00000000      0xa10 ./src/em_cmu.o
 .debug_line    0x00000000      0x976 ./src/em_cmu.o
 .debug_str     0x00000000      0xb65 ./src/em_cmu.o
 .comment       0x00000000       0x71 ./src/em_cmu.o
 .ARM.attributes
                0x00000000       0x33 ./src/em_cmu.o
 .debug_frame   0x00000000      0x1b8 ./src/em_cmu.o
 .text          0x00000000        0x0 ./src/em_gpio.o
 .data          0x00000000        0x0 ./src/em_gpio.o
 .bss           0x00000000        0x0 ./src/em_gpio.o
 .text.GPIO_DbgLocationSet
                0x00000000       0x1c ./src/em_gpio.o
 .text.GPIO_DriveModeSet
                0x00000000       0x1c ./src/em_gpio.o
 .text.GPIO_IntConfig
                0x00000000       0x94 ./src/em_gpio.o
 .text.GPIO_PinModeSet
                0x00000000       0xb8 ./src/em_gpio.o
 .debug_info    0x00000000      0x57a ./src/em_gpio.o
 .debug_abbrev  0x00000000      0x1a2 ./src/em_gpio.o
 .debug_loc     0x00000000      0x3af ./src/em_gpio.o
 .debug_aranges
                0x00000000       0x38 ./src/em_gpio.o
 .debug_ranges  0x00000000      0x138 ./src/em_gpio.o
 .debug_line    0x00000000      0x2af ./src/em_gpio.o
 .debug_str     0x00000000      0x4c4 ./src/em_gpio.o
 .comment       0x00000000       0x71 ./src/em_gpio.o
 .ARM.attributes
                0x00000000       0x33 ./src/em_gpio.o
 .debug_frame   0x00000000       0x68 ./src/em_gpio.o
 .text          0x00000000        0x0 ./src/em_timer.o
 .data          0x00000000        0x0 ./src/em_timer.o
 .bss           0x00000000        0x0 ./src/em_timer.o
 .text.TIMER_Enable
                0x00000000       0x10 ./src/em_timer.o
 .text.TIMER_Init
                0x00000000       0x8c ./src/em_timer.o
 .text.TIMER_InitCC
                0x00000000       0x68 ./src/em_timer.o
 .text.TIMER_Lock
                0x00000000        0x8 ./src/em_timer.o
 .text.TIMER_Reset
                0x00000000       0x44 ./src/em_timer.o
 .text.TIMER_Unlock
                0x00000000        0xc ./src/em_timer.o
 .debug_info    0x00000000      0x707 ./src/em_timer.o
 .debug_abbrev  0x00000000      0x176 ./src/em_timer.o
 .debug_loc     0x00000000       0xfb ./src/em_timer.o
 .debug_aranges
                0x00000000       0x48 ./src/em_timer.o
 .debug_ranges  0x00000000       0x38 ./src/em_timer.o
 .debug_line    0x00000000      0x2dc ./src/em_timer.o
 .debug_str     0x00000000      0x6ec ./src/em_timer.o
 .comment       0x00000000       0x71 ./src/em_timer.o
 .ARM.attributes
                0x00000000       0x33 ./src/em_timer.o
 .debug_frame   0x00000000       0x88 ./src/em_timer.o
 .text          0x00000000        0x0 ./src/empty_project.o
 .data          0x00000000        0x0 ./src/empty_project.o
 .bss           0x00000000        0x0 ./src/empty_project.o
 .text.Timer    0x00000000       0x1c ./src/empty_project.o
 .text          0x00000000        0x0 ./emlib/em_system.o
 .data          0x00000000        0x0 ./emlib/em_system.o
 .bss           0x00000000        0x0 ./emlib/em_system.o
 .text.SYSTEM_GetCalibrationValue
                0x00000000       0x3c ./emlib/em_system.o
 .data          0x00000000        0x0 ./CMSIS/efm32gg/startup_gcc_efm32gg.o
 .bss           0x00000000        0x0 ./CMSIS/efm32gg/startup_gcc_efm32gg.o
 .text          0x00000000        0x0 ./CMSIS/efm32gg/system_efm32gg.o
 .data          0x00000000        0x0 ./CMSIS/efm32gg/system_efm32gg.o
 .bss           0x00000000        0x0 ./CMSIS/efm32gg/system_efm32gg.o
 .text.SystemCoreClockGet
                0x00000000      0x100 ./CMSIS/efm32gg/system_efm32gg.o
 .text.SystemHFClockGet
                0x00000000       0xdc ./CMSIS/efm32gg/system_efm32gg.o
 .text.SystemHFXOClockGet
                0x00000000        0xc ./CMSIS/efm32gg/system_efm32gg.o
 .text.SystemHFXOClockSet
                0x00000000       0x1c ./CMSIS/efm32gg/system_efm32gg.o
 .text.SystemLFRCOClockGet
                0x00000000        0x8 ./CMSIS/efm32gg/system_efm32gg.o
 .text.SystemULFRCOClockGet
                0x00000000        0x8 ./CMSIS/efm32gg/system_efm32gg.o
 .text.SystemLFXOClockGet
                0x00000000        0xc ./CMSIS/efm32gg/system_efm32gg.o
 .text.SystemLFXOClockSet
                0x00000000       0x1c ./CMSIS/efm32gg/system_efm32gg.o
 .data.SystemLFXOClock
                0x00000000        0x4 ./CMSIS/efm32gg/system_efm32gg.o
 .data.SystemHFXOClock
                0x00000000        0x4 ./CMSIS/efm32gg/system_efm32gg.o
 COMMON         0x00000000        0x4 ./CMSIS/efm32gg/system_efm32gg.o
 .text          0x00000000        0x0 c:/siliconlabs/simplicitystudio/v2/developer/toolchains/gnu_arm/4.7_2013q1/bin/../lib/gcc/arm-none-eabi/4.7.3/../../../../arm-none-eabi/lib/armv7-m\libc_s.a(lib_a-__atexit2.o)
 .data          0x00000000        0x0 c:/siliconlabs/simplicitystudio/v2/developer/toolchains/gnu_arm/4.7_2013q1/bin/../lib/gcc/arm-none-eabi/4.7.3/../../../../arm-none-eabi/lib/armv7-m\libc_s.a(lib_a-__atexit2.o)
 .bss           0x00000000        0x0 c:/siliconlabs/simplicitystudio/v2/developer/toolchains/gnu_arm/4.7_2013q1/bin/../lib/gcc/arm-none-eabi/4.7.3/../../../../arm-none-eabi/lib/armv7-m\libc_s.a(lib_a-__atexit2.o)
 .text          0x00000000        0x0 c:/siliconlabs/simplicitystudio/v2/developer/toolchains/gnu_arm/4.7_2013q1/bin/../lib/gcc/arm-none-eabi/4.7.3/../../../../arm-none-eabi/lib/armv7-m\libc_s.a(lib_a-exit.o)
 .data          0x00000000        0x0 c:/siliconlabs/simplicitystudio/v2/developer/toolchains/gnu_arm/4.7_2013q1/bin/../lib/gcc/arm-none-eabi/4.7.3/../../../../arm-none-eabi/lib/armv7-m\libc_s.a(lib_a-exit.o)
 .bss           0x00000000        0x0 c:/siliconlabs/simplicitystudio/v2/developer/toolchains/gnu_arm/4.7_2013q1/bin/../lib/gcc/arm-none-eabi/4.7.3/../../../../arm-none-eabi/lib/armv7-m\libc_s.a(lib_a-exit.o)
 .text          0x00000000        0x0 c:/siliconlabs/simplicitystudio/v2/developer/toolchains/gnu_arm/4.7_2013q1/bin/../lib/gcc/arm-none-eabi/4.7.3/../../../../arm-none-eabi/lib/armv7-m\libc_s.a(lib_a-fini.o)
 .data          0x00000000        0x0 c:/siliconlabs/simplicitystudio/v2/developer/toolchains/gnu_arm/4.7_2013q1/bin/../lib/gcc/arm-none-eabi/4.7.3/../../../../arm-none-eabi/lib/armv7-m\libc_s.a(lib_a-fini.o)
 .bss           0x00000000        0x0 c:/siliconlabs/simplicitystudio/v2/developer/toolchains/gnu_arm/4.7_2013q1/bin/../lib/gcc/arm-none-eabi/4.7.3/../../../../arm-none-eabi/lib/armv7-m\libc_s.a(lib_a-fini.o)
 .text          0x00000000        0x0 c:/siliconlabs/simplicitystudio/v2/developer/toolchains/gnu_arm/4.7_2013q1/bin/../lib/gcc/arm-none-eabi/4.7.3/../../../../arm-none-eabi/lib/armv7-m\libc_s.a(lib_a-impure.o)
 .data          0x00000000        0x0 c:/siliconlabs/simplicitystudio/v2/developer/toolchains/gnu_arm/4.7_2013q1/bin/../lib/gcc/arm-none-eabi/4.7.3/../../../../arm-none-eabi/lib/armv7-m\libc_s.a(lib_a-impure.o)
 .bss           0x00000000        0x0 c:/siliconlabs/simplicitystudio/v2/developer/toolchains/gnu_arm/4.7_2013q1/bin/../lib/gcc/arm-none-eabi/4.7.3/../../../../arm-none-eabi/lib/armv7-m\libc_s.a(lib_a-impure.o)
 .data._impure_ptr
                0x00000000        0x4 c:/siliconlabs/simplicitystudio/v2/developer/toolchains/gnu_arm/4.7_2013q1/bin/../lib/gcc/arm-none-eabi/4.7.3/../../../../arm-none-eabi/lib/armv7-m\libc_s.a(lib_a-impure.o)
 .text          0x00000000        0x0 c:/siliconlabs/simplicitystudio/v2/developer/toolchains/gnu_arm/4.7_2013q1/bin/../lib/gcc/arm-none-eabi/4.7.3/../../../../arm-none-eabi/lib/armv7-m\libc_s.a(lib_a-init.o)
 .data          0x00000000        0x0 c:/siliconlabs/simplicitystudio/v2/developer/toolchains/gnu_arm/4.7_2013q1/bin/../lib/gcc/arm-none-eabi/4.7.3/../../../../arm-none-eabi/lib/armv7-m\libc_s.a(lib_a-init.o)
 .bss           0x00000000        0x0 c:/siliconlabs/simplicitystudio/v2/developer/toolchains/gnu_arm/4.7_2013q1/bin/../lib/gcc/arm-none-eabi/4.7.3/../../../../arm-none-eabi/lib/armv7-m\libc_s.a(lib_a-init.o)
 .text          0x00000000        0x0 c:/siliconlabs/simplicitystudio/v2/developer/toolchains/gnu_arm/4.7_2013q1/bin/../lib/gcc/arm-none-eabi/4.7.3/../../../../arm-none-eabi/lib/armv7-m\libc_s.a(lib_a-memset.o)
 .data          0x00000000        0x0 c:/siliconlabs/simplicitystudio/v2/developer/toolchains/gnu_arm/4.7_2013q1/bin/../lib/gcc/arm-none-eabi/4.7.3/../../../../arm-none-eabi/lib/armv7-m\libc_s.a(lib_a-memset.o)
 .bss           0x00000000        0x0 c:/siliconlabs/simplicitystudio/v2/developer/toolchains/gnu_arm/4.7_2013q1/bin/../lib/gcc/arm-none-eabi/4.7.3/../../../../arm-none-eabi/lib/armv7-m\libc_s.a(lib_a-memset.o)
 .text          0x00000000        0x0 c:/siliconlabs/simplicitystudio/v2/developer/toolchains/gnu_arm/4.7_2013q1/bin/../lib/gcc/arm-none-eabi/4.7.3/../../../../arm-none-eabi/lib/armv7-m\libnosys.a(_exit.o)
 .data          0x00000000        0x0 c:/siliconlabs/simplicitystudio/v2/developer/toolchains/gnu_arm/4.7_2013q1/bin/../lib/gcc/arm-none-eabi/4.7.3/../../../../arm-none-eabi/lib/armv7-m\libnosys.a(_exit.o)
 .bss           0x00000000        0x0 c:/siliconlabs/simplicitystudio/v2/developer/toolchains/gnu_arm/4.7_2013q1/bin/../lib/gcc/arm-none-eabi/4.7.3/../../../../arm-none-eabi/lib/armv7-m\libnosys.a(_exit.o)
 .text          0x00000000        0x0 c:/siliconlabs/simplicitystudio/v2/developer/toolchains/gnu_arm/4.7_2013q1/bin/../lib/gcc/arm-none-eabi/4.7.3/armv7-m/crtend.o
 .data          0x00000000        0x0 c:/siliconlabs/simplicitystudio/v2/developer/toolchains/gnu_arm/4.7_2013q1/bin/../lib/gcc/arm-none-eabi/4.7.3/armv7-m/crtend.o
 .bss           0x00000000        0x0 c:/siliconlabs/simplicitystudio/v2/developer/toolchains/gnu_arm/4.7_2013q1/bin/../lib/gcc/arm-none-eabi/4.7.3/armv7-m/crtend.o
 .jcr           0x00000000        0x4 c:/siliconlabs/simplicitystudio/v2/developer/toolchains/gnu_arm/4.7_2013q1/bin/../lib/gcc/arm-none-eabi/4.7.3/armv7-m/crtend.o
 .text          0x00000000        0x0 c:/siliconlabs/simplicitystudio/v2/developer/toolchains/gnu_arm/4.7_2013q1/bin/../lib/gcc/arm-none-eabi/4.7.3/armv7-m/crtn.o
 .data          0x00000000        0x0 c:/siliconlabs/simplicitystudio/v2/developer/toolchains/gnu_arm/4.7_2013q1/bin/../lib/gcc/arm-none-eabi/4.7.3/armv7-m/crtn.o
 .bss           0x00000000        0x0 c:/siliconlabs/simplicitystudio/v2/developer/toolchains/gnu_arm/4.7_2013q1/bin/../lib/gcc/arm-none-eabi/4.7.3/armv7-m/crtn.o

Memory Configuration

Name             Origin             Length             Attributes
FLASH            0x00000000         0x00100000         xr
RAM              0x20000000         0x00020000         xrw
*default*        0x00000000         0xffffffff

Linker script and memory map

LOAD c:/siliconlabs/simplicitystudio/v2/developer/toolchains/gnu_arm/4.7_2013q1/bin/../lib/gcc/arm-none-eabi/4.7.3/armv7-m/crti.o
LOAD c:/siliconlabs/simplicitystudio/v2/developer/toolchains/gnu_arm/4.7_2013q1/bin/../lib/gcc/arm-none-eabi/4.7.3/armv7-m/crtbegin.o
LOAD c:/siliconlabs/simplicitystudio/v2/developer/toolchains/gnu_arm/4.7_2013q1/bin/../lib/gcc/arm-none-eabi/4.7.3/../../../../arm-none-eabi/lib/armv7-m/crt0.o
LOAD ./src/em_cmu.o
LOAD ./src/em_gpio.o
LOAD ./src/em_timer.o
LOAD ./src/empty_project.o
LOAD ./emlib/em_system.o
LOAD ./CMSIS/efm32gg/startup_gcc_efm32gg.o
LOAD ./CMSIS/efm32gg/system_efm32gg.o
START GROUP
LOAD c:/siliconlabs/simplicitystudio/v2/developer/toolchains/gnu_arm/4.7_2013q1/bin/../lib/gcc/arm-none-eabi/4.7.3/armv7-m\libgcc.a
LOAD c:/siliconlabs/simplicitystudio/v2/developer/toolchains/gnu_arm/4.7_2013q1/bin/../lib/gcc/arm-none-eabi/4.7.3/../../../../arm-none-eabi/lib/armv7-m\libc_s.a
LOAD c:/siliconlabs/simplicitystudio/v2/developer/toolchains/gnu_arm/4.7_2013q1/bin/../lib/gcc/arm-none-eabi/4.7.3/../../../../arm-none-eabi/lib/armv7-m\libnosys.a
END GROUP
START GROUP
LOAD c:/siliconlabs/simplicitystudio/v2/developer/toolchains/gnu_arm/4.7_2013q1/bin/../lib/gcc/arm-none-eabi/4.7.3/armv7-m\libgcc.a
LOAD c:/siliconlabs/simplicitystudio/v2/developer/toolchains/gnu_arm/4.7_2013q1/bin/../lib/gcc/arm-none-eabi/4.7.3/../../../../arm-none-eabi/lib/armv7-m\libc_s.a
END GROUP
LOAD c:/siliconlabs/simplicitystudio/v2/developer/toolchains/gnu_arm/4.7_2013q1/bin/../lib/gcc/arm-none-eabi/4.7.3/armv7-m/crtend.o
LOAD c:/siliconlabs/simplicitystudio/v2/developer/toolchains/gnu_arm/4.7_2013q1/bin/../lib/gcc/arm-none-eabi/4.7.3/armv7-m/crtn.o

.text           0x00000000      0x3e4
 *(.isr_vector)
 .isr_vector    0x00000000      0x100 ./CMSIS/efm32gg/startup_gcc_efm32gg.o
                0x00000000                __isr_vector
 *(.text*)
 .text          0x00000100       0x54 c:/siliconlabs/simplicitystudio/v2/developer/toolchains/gnu_arm/4.7_2013q1/bin/../lib/gcc/arm-none-eabi/4.7.3/armv7-m/crtbegin.o
 .text          0x00000154       0x70 c:/siliconlabs/simplicitystudio/v2/developer/toolchains/gnu_arm/4.7_2013q1/bin/../lib/gcc/arm-none-eabi/4.7.3/../../../../arm-none-eabi/lib/armv7-m/crt0.o
                0x00000154                _start
                0x00000154                start
                0x00000154                _mainCRTStartup
 .text.TIMER0_IRQHandler
                0x000001c4       0x1c ./src/empty_project.o
                0x000001c4                TIMER0_IRQHandler
 .text.startup.main
                0x000001e0       0x54 ./src/empty_project.o
                0x000001e0                main
 .text.SYSTEM_ChipRevisionGet
                0x00000234       0x24 ./emlib/em_system.o
                0x00000234                SYSTEM_ChipRevisionGet
 .text          0x00000258       0x98 ./CMSIS/efm32gg/startup_gcc_efm32gg.o
                0x00000258                Reset_Handler
                0x0000028c                Default_Handler
                0x0000028e                NMI_Handler
                0x00000290                HardFault_Handler
                0x00000292                MemManage_Handler
                0x00000294                BusFault_Handler
                0x00000296                UsageFault_Handler
                0x00000298                SVC_Handler
                0x0000029a                DebugMon_Handler
                0x0000029c                PendSV_Handler
                0x0000029e                SysTick_Handler
                0x000002a0                DMA_IRQHandler
                0x000002a2                GPIO_EVEN_IRQHandler
                0x000002a6                USART0_RX_IRQHandler
                0x000002a8                USART0_TX_IRQHandler
                0x000002aa                USB_IRQHandler
                0x000002ac                ACMP0_IRQHandler
                0x000002ae                ADC0_IRQHandler
                0x000002b0                DAC0_IRQHandler
                0x000002b2                I2C0_IRQHandler
                0x000002b4                I2C1_IRQHandler
                0x000002b6                GPIO_ODD_IRQHandler
                0x000002b8                TIMER1_IRQHandler
                0x000002ba                TIMER2_IRQHandler
                0x000002bc                TIMER3_IRQHandler
                0x000002be                USART1_RX_IRQHandler
                0x000002c0                USART1_TX_IRQHandler
                0x000002c2                LESENSE_IRQHandler
                0x000002c4                USART2_RX_IRQHandler
                0x000002c6                USART2_TX_IRQHandler
                0x000002c8                UART0_RX_IRQHandler
                0x000002ca                UART0_TX_IRQHandler
                0x000002cc                UART1_RX_IRQHandler
                0x000002ce                UART1_TX_IRQHandler
                0x000002d0                LEUART0_IRQHandler
                0x000002d2                LEUART1_IRQHandler
                0x000002d4                LETIMER0_IRQHandler
                0x000002d6                PCNT0_IRQHandler
                0x000002d8                PCNT1_IRQHandler
                0x000002da                PCNT2_IRQHandler
                0x000002dc                RTC_IRQHandler
                0x000002de                BURTC_IRQHandler
                0x000002e0                CMU_IRQHandler
                0x000002e2                VCMP_IRQHandler
                0x000002e4                LCD_IRQHandler
                0x000002e6                MSC_IRQHandler
                0x000002e8                AES_IRQHandler
                0x000002ea                EBI_IRQHandler
                0x000002ec                EMU_IRQHandler
 .text.SystemInit
                0x000002f0        0x4 ./CMSIS/efm32gg/system_efm32gg.o
                0x000002f0                SystemInit
 .text.__register_exitproc
                0x000002f4       0x14 c:/siliconlabs/simplicitystudio/v2/developer/toolchains/gnu_arm/4.7_2013q1/bin/../lib/gcc/arm-none-eabi/4.7.3/../../../../arm-none-eabi/lib/armv7-m\libc_s.a(lib_a-__atexit2.o)
                0x000002f4                __register_exitproc
 .text.exit     0x00000308       0x2c c:/siliconlabs/simplicitystudio/v2/developer/toolchains/gnu_arm/4.7_2013q1/bin/../lib/gcc/arm-none-eabi/4.7.3/../../../../arm-none-eabi/lib/armv7-m\libc_s.a(lib_a-exit.o)
                0x00000308                exit
 .text.__libc_fini_array
                0x00000334       0x2c c:/siliconlabs/simplicitystudio/v2/developer/toolchains/gnu_arm/4.7_2013q1/bin/../lib/gcc/arm-none-eabi/4.7.3/../../../../arm-none-eabi/lib/armv7-m\libc_s.a(lib_a-fini.o)
                0x00000334                __libc_fini_array
 .text.__libc_init_array
                0x00000360       0x4c c:/siliconlabs/simplicitystudio/v2/developer/toolchains/gnu_arm/4.7_2013q1/bin/../lib/gcc/arm-none-eabi/4.7.3/../../../../arm-none-eabi/lib/armv7-m\libc_s.a(lib_a-init.o)
                0x00000360                __libc_init_array
 .text.memset   0x000003ac       0x10 c:/siliconlabs/simplicitystudio/v2/developer/toolchains/gnu_arm/4.7_2013q1/bin/../lib/gcc/arm-none-eabi/4.7.3/../../../../arm-none-eabi/lib/armv7-m\libc_s.a(lib_a-memset.o)
                0x000003ac                memset
 .text._exit    0x000003bc        0x4 c:/siliconlabs/simplicitystudio/v2/developer/toolchains/gnu_arm/4.7_2013q1/bin/../lib/gcc/arm-none-eabi/4.7.3/../../../../arm-none-eabi/lib/armv7-m\libnosys.a(_exit.o)
                0x000003bc                _exit
 *(.init)
 .init          0x000003c0        0x4 c:/siliconlabs/simplicitystudio/v2/developer/toolchains/gnu_arm/4.7_2013q1/bin/../lib/gcc/arm-none-eabi/4.7.3/armv7-m/crti.o
                0x000003c0                _init
 .init          0x000003c4        0x8 c:/siliconlabs/simplicitystudio/v2/developer/toolchains/gnu_arm/4.7_2013q1/bin/../lib/gcc/arm-none-eabi/4.7.3/armv7-m/crtn.o
 *(.fini)
 .fini          0x000003cc        0x4 c:/siliconlabs/simplicitystudio/v2/developer/toolchains/gnu_arm/4.7_2013q1/bin/../lib/gcc/arm-none-eabi/4.7.3/armv7-m/crti.o
                0x000003cc                _fini
 .fini          0x000003d0        0x8 c:/siliconlabs/simplicitystudio/v2/developer/toolchains/gnu_arm/4.7_2013q1/bin/../lib/gcc/arm-none-eabi/4.7.3/armv7-m/crtn.o
 *crtbegin.o(.ctors)
 *crtbegin?.o(.ctors)
 *(EXCLUDE_FILE(*crtend.o *crtend?.o) .ctors)
 *(SORT(.ctors.*))
 *(.ctors)
 *crtbegin.o(.dtors)
 *crtbegin?.o(.dtors)
 *(EXCLUDE_FILE(*crtend.o *crtend?.o) .dtors)
 *(SORT(.dtors.*))
 *(.dtors)
 *(.rodata*)
 .rodata.str1.1
                0x000003d8        0x2 c:/siliconlabs/simplicitystudio/v2/developer/toolchains/gnu_arm/4.7_2013q1/bin/../lib/gcc/arm-none-eabi/4.7.3/../../../../arm-none-eabi/lib/armv7-m\libc_s.a(lib_a-impure.o)
 *fill*         0x000003da        0x2 00
 .rodata._global_impure_ptr
                0x000003dc        0x4 c:/siliconlabs/simplicitystudio/v2/developer/toolchains/gnu_arm/4.7_2013q1/bin/../lib/gcc/arm-none-eabi/4.7.3/../../../../arm-none-eabi/lib/armv7-m\libc_s.a(lib_a-impure.o)
                0x000003dc                _global_impure_ptr
 *(.eh_frame*)
 .eh_frame      0x000003e0        0x0 c:/siliconlabs/simplicitystudio/v2/developer/toolchains/gnu_arm/4.7_2013q1/bin/../lib/gcc/arm-none-eabi/4.7.3/armv7-m/crtbegin.o
 .eh_frame      0x000003e0        0x4 c:/siliconlabs/simplicitystudio/v2/developer/toolchains/gnu_arm/4.7_2013q1/bin/../lib/gcc/arm-none-eabi/4.7.3/armv7-m/crtend.o

.glue_7         0x000003e4        0x0
 .glue_7        0x00000000        0x0 linker stubs

.glue_7t        0x000003e4        0x0
 .glue_7t       0x00000000        0x0 linker stubs

.vfp11_veneer   0x000003e4        0x0
 .vfp11_veneer  0x00000000        0x0 linker stubs

.v4_bx          0x000003e4        0x0
 .v4_bx         0x00000000        0x0 linker stubs

.iplt           0x000003e4        0x0
 .iplt          0x00000000        0x0 c:/siliconlabs/simplicitystudio/v2/developer/toolchains/gnu_arm/4.7_2013q1/bin/../lib/gcc/arm-none-eabi/4.7.3/armv7-m/crtbegin.o

.ARM.extab
 *(.ARM.extab* .gnu.linkonce.armextab.*)
                0x000003e4                __exidx_start = .

.ARM.exidx      0x000003e4        0x8
 *(.ARM.exidx* .gnu.linkonce.armexidx.*)
 .ARM.exidx     0x000003e4        0x8 c:/siliconlabs/simplicitystudio/v2/developer/toolchains/gnu_arm/4.7_2013q1/bin/../lib/gcc/arm-none-eabi/4.7.3/../../../../arm-none-eabi/lib/armv7-m/crt0.o
                0x000003ec                __exidx_end = .
                0x000003ec                __etext = .

.rel.dyn        0x000003ec        0x0
 .rel.iplt      0x00000000        0x0 c:/siliconlabs/simplicitystudio/v2/developer/toolchains/gnu_arm/4.7_2013q1/bin/../lib/gcc/arm-none-eabi/4.7.3/armv7-m/crtbegin.o

.data           0x20000000       0x6c load address 0x000003ec
                0x20000000                __data_start__ = .
 *(vtable)
 *(.data*)
 .data.impure_data
                0x20000000       0x64 c:/siliconlabs/simplicitystudio/v2/developer/toolchains/gnu_arm/4.7_2013q1/bin/../lib/gcc/arm-none-eabi/4.7.3/../../../../arm-none-eabi/lib/armv7-m\libc_s.a(lib_a-impure.o)
                0x20000064                . = ALIGN (0x4)
 *(.ram)
                0x20000064                . = ALIGN (0x4)
                0x20000064                PROVIDE (__preinit_array_start, .)
 *(.preinit_array)
                0x20000064                PROVIDE (__preinit_array_end, .)
                0x20000064                . = ALIGN (0x4)
                0x20000064                PROVIDE (__init_array_start, .)
 *(SORT(.init_array.*))
 *(.init_array)
 .init_array    0x20000064        0x4 c:/siliconlabs/simplicitystudio/v2/developer/toolchains/gnu_arm/4.7_2013q1/bin/../lib/gcc/arm-none-eabi/4.7.3/armv7-m/crtbegin.o
                0x20000068                PROVIDE (__init_array_end, .)
                0x20000068                . = ALIGN (0x4)
                0x20000068                PROVIDE (__fini_array_start, .)
 *(SORT(.fini_array.*))
 *(.fini_array)
 .fini_array    0x20000068        0x4 c:/siliconlabs/simplicitystudio/v2/developer/toolchains/gnu_arm/4.7_2013q1/bin/../lib/gcc/arm-none-eabi/4.7.3/armv7-m/crtbegin.o
                0x2000006c                PROVIDE (__fini_array_end, .)
                0x2000006c                . = ALIGN (0x4)
                0x2000006c                __data_end__ = .

.jcr            0x2000006c        0x0 load address 0x00000458
 .jcr           0x2000006c        0x0 c:/siliconlabs/simplicitystudio/v2/developer/toolchains/gnu_arm/4.7_2013q1/bin/../lib/gcc/arm-none-eabi/4.7.3/armv7-m/crtbegin.o

.igot.plt       0x2000006c        0x0 load address 0x00000458
 .igot.plt      0x00000000        0x0 c:/siliconlabs/simplicitystudio/v2/developer/toolchains/gnu_arm/4.7_2013q1/bin/../lib/gcc/arm-none-eabi/4.7.3/armv7-m/crtbegin.o

.bss            0x2000006c       0x1c load address 0x00000458
                0x2000006c                __bss_start__ = .
 *(.bss*)
 .bss           0x2000006c       0x1c c:/siliconlabs/simplicitystudio/v2/developer/toolchains/gnu_arm/4.7_2013q1/bin/../lib/gcc/arm-none-eabi/4.7.3/armv7-m/crtbegin.o
 *(COMMON)
                0x20000088                __bss_end__ = .

.heap           0x20000088      0xc00
                0x20000088                __end__ = .
                0x20000088                end = __end__
                0x20000088                _end = __end__
 *(.heap*)
 .heap          0x20000088      0xc00 ./CMSIS/efm32gg/startup_gcc_efm32gg.o
                0x20000088                __HeapBase
                0x20000c88                __HeapLimit = .

.stack_dummy    0x20000088      0x400
 *(.stack)
 .stack         0x20000088      0x400 ./CMSIS/efm32gg/startup_gcc_efm32gg.o
                0x20020000                __StackTop = (ORIGIN (RAM) + 0x20000)
                0x2001fc00                __StackLimit = (__StackTop - SIZEOF (.stack_dummy))
                0x20020000                PROVIDE (__stack, __StackTop)
                0x00000001                ASSERT ((__StackLimit >= __HeapLimit), region RAM overflowed with stack)
OUTPUT(gitexercise.axf elf32-littlearm)

.ARM.attributes
                0x00000000       0x29
 .ARM.attributes
                0x00000000       0x1d c:/siliconlabs/simplicitystudio/v2/developer/toolchains/gnu_arm/4.7_2013q1/bin/../lib/gcc/arm-none-eabi/4.7.3/armv7-m/crti.o
 .ARM.attributes
                0x0000001d       0x2d c:/siliconlabs/simplicitystudio/v2/developer/toolchains/gnu_arm/4.7_2013q1/bin/../lib/gcc/arm-none-eabi/4.7.3/armv7-m/crtbegin.o
 .ARM.attributes
                0x0000004a       0x1b c:/siliconlabs/simplicitystudio/v2/developer/toolchains/gnu_arm/4.7_2013q1/bin/../lib/gcc/arm-none-eabi/4.7.3/../../../../arm-none-eabi/lib/armv7-m/crt0.o
 .ARM.attributes
                0x00000065       0x33 ./src/empty_project.o
 .ARM.attributes
                0x00000098       0x33 ./emlib/em_system.o
 .ARM.attributes
                0x000000cb       0x1b ./CMSIS/efm32gg/startup_gcc_efm32gg.o
 .ARM.attributes
                0x000000e6       0x33 ./CMSIS/efm32gg/system_efm32gg.o
 .ARM.attributes
                0x00000119       0x2d c:/siliconlabs/simplicitystudio/v2/developer/toolchains/gnu_arm/4.7_2013q1/bin/../lib/gcc/arm-none-eabi/4.7.3/../../../../arm-none-eabi/lib/armv7-m\libc_s.a(lib_a-__atexit2.o)
 .ARM.attributes
                0x00000146       0x2d c:/siliconlabs/simplicitystudio/v2/developer/toolchains/gnu_arm/4.7_2013q1/bin/../lib/gcc/arm-none-eabi/4.7.3/../../../../arm-none-eabi/lib/armv7-m\libc_s.a(lib_a-exit.o)
 .ARM.attributes
                0x00000173       0x2d c:/siliconlabs/simplicitystudio/v2/developer/toolchains/gnu_arm/4.7_2013q1/bin/../lib/gcc/arm-none-eabi/4.7.3/../../../../arm-none-eabi/lib/armv7-m\libc_s.a(lib_a-fini.o)
 .ARM.attributes
                0x000001a0       0x2d c:/siliconlabs/simplicitystudio/v2/developer/toolchains/gnu_arm/4.7_2013q1/bin/../lib/gcc/arm-none-eabi/4.7.3/../../../../arm-none-eabi/lib/armv7-m\libc_s.a(lib_a-impure.o)
 .ARM.attributes
                0x000001cd       0x2d c:/siliconlabs/simplicitystudio/v2/developer/toolchains/gnu_arm/4.7_2013q1/bin/../lib/gcc/arm-none-eabi/4.7.3/../../../../arm-none-eabi/lib/armv7-m\libc_s.a(lib_a-init.o)
 .ARM.attributes
                0x000001fa       0x2d c:/siliconlabs/simplicitystudio/v2/developer/toolchains/gnu_arm/4.7_2013q1/bin/../lib/gcc/arm-none-eabi/4.7.3/../../../../arm-none-eabi/lib/armv7-m\libc_s.a(lib_a-memset.o)
 .ARM.attributes
                0x00000227       0x2d c:/siliconlabs/simplicitystudio/v2/developer/toolchains/gnu_arm/4.7_2013q1/bin/../lib/gcc/arm-none-eabi/4.7.3/../../../../arm-none-eabi/lib/armv7-m\libnosys.a(_exit.o)
 .ARM.attributes
                0x00000254       0x2d c:/siliconlabs/simplicitystudio/v2/developer/toolchains/gnu_arm/4.7_2013q1/bin/../lib/gcc/arm-none-eabi/4.7.3/armv7-m/crtend.o
 .ARM.attributes
                0x00000281       0x1d c:/siliconlabs/simplicitystudio/v2/developer/toolchains/gnu_arm/4.7_2013q1/bin/../lib/gcc/arm-none-eabi/4.7.3/armv7-m/crtn.o

.comment        0x00000000       0x70
 .comment       0x00000000       0x70 ./src/empty_project.o
                                 0x71 (size before relaxing)
 .comment       0x00000000       0x71 ./emlib/em_system.o
 .comment       0x00000000       0x71 ./CMSIS/efm32gg/system_efm32gg.o

.debug_info     0x00000000     0x120e
 .debug_info    0x00000000      0x95e ./src/empty_project.o
 .debug_info    0x0000095e      0x238 ./emlib/em_system.o
 .debug_info    0x00000b96       0xa0 ./CMSIS/efm32gg/startup_gcc_efm32gg.o
 .debug_info    0x00000c36      0x5d8 ./CMSIS/efm32gg/system_efm32gg.o

.debug_abbrev   0x00000000      0x574
 .debug_abbrev  0x00000000      0x263 ./src/empty_project.o
 .debug_abbrev  0x00000263       0xef ./emlib/em_system.o
 .debug_abbrev  0x00000352       0x14 ./CMSIS/efm32gg/startup_gcc_efm32gg.o
 .debug_abbrev  0x00000366      0x20e ./CMSIS/efm32gg/system_efm32gg.o

.debug_loc      0x00000000      0x256
 .debug_loc     0x00000000       0xab ./src/empty_project.o
 .debug_loc     0x000000ab       0x8e ./emlib/em_system.o
 .debug_loc     0x00000139      0x11d ./CMSIS/efm32gg/system_efm32gg.o

.debug_aranges  0x00000000       0xd8
 .debug_aranges
                0x00000000       0x30 ./src/empty_project.o
 .debug_aranges
                0x00000030       0x28 ./emlib/em_system.o
 .debug_aranges
                0x00000058       0x20 ./CMSIS/efm32gg/startup_gcc_efm32gg.o
 .debug_aranges
                0x00000078       0x60 ./CMSIS/efm32gg/system_efm32gg.o

.debug_ranges   0x00000000      0x1b8
 .debug_ranges  0x00000000      0x120 ./src/empty_project.o
 .debug_ranges  0x00000120       0x18 ./emlib/em_system.o
 .debug_ranges  0x00000138       0x80 ./CMSIS/efm32gg/system_efm32gg.o

.debug_line     0x00000000      0x8cb
 .debug_line    0x00000000      0x316 ./src/empty_project.o
 .debug_line    0x00000316      0x24c ./emlib/em_system.o
 .debug_line    0x00000562       0x9f ./CMSIS/efm32gg/startup_gcc_efm32gg.o
 .debug_line    0x00000601      0x2ca ./CMSIS/efm32gg/system_efm32gg.o

.debug_str      0x00000000      0x897
 .debug_str     0x00000000      0x5b5 ./src/empty_project.o
                                0x615 (size before relaxing)
 .debug_str     0x000005b5       0xa2 ./emlib/em_system.o
                                0x22e (size before relaxing)
 .debug_str     0x00000657      0x240 ./CMSIS/efm32gg/system_efm32gg.o
                                0x3fe (size before relaxing)

.debug_frame    0x00000000      0x200
 .debug_frame   0x00000000       0x48 ./src/empty_project.o
 .debug_frame   0x00000048       0x30 ./emlib/em_system.o
 .debug_frame   0x00000078       0xa0 ./CMSIS/efm32gg/system_efm32gg.o
 .debug_frame   0x00000118       0x28 c:/siliconlabs/simplicitystudio/v2/developer/toolchains/gnu_arm/4.7_2013q1/bin/../lib/gcc/arm-none-eabi/4.7.3/../../../../arm-none-eabi/lib/armv7-m\libc_s.a(lib_a-__atexit2.o)
 .debug_frame   0x00000140       0x28 c:/siliconlabs/simplicitystudio/v2/developer/toolchains/gnu_arm/4.7_2013q1/bin/../lib/gcc/arm-none-eabi/4.7.3/../../../../arm-none-eabi/lib/armv7-m\libc_s.a(lib_a-exit.o)
 .debug_frame   0x00000168       0x2c c:/siliconlabs/simplicitystudio/v2/developer/toolchains/gnu_arm/4.7_2013q1/bin/../lib/gcc/arm-none-eabi/4.7.3/../../../../arm-none-eabi/lib/armv7-m\libc_s.a(lib_a-fini.o)
 .debug_frame   0x00000194       0x2c c:/siliconlabs/simplicitystudio/v2/developer/toolchains/gnu_arm/4.7_2013q1/bin/../lib/gcc/arm-none-eabi/4.7.3/../../../../arm-none-eabi/lib/armv7-m\libc_s.a(lib_a-init.o)
 .debug_frame   0x000001c0       0x20 c:/siliconlabs/simplicitystudio/v2/developer/toolchains/gnu_arm/4.7_2013q1/bin/../lib/gcc/arm-none-eabi/4.7.3/../../../../arm-none-eabi/lib/armv7-m\libc_s.a(lib_a-memset.o)
 .debug_frame   0x000001e0       0x20 c:/siliconlabs/simplicitystudio/v2/developer/toolchains/gnu_arm/4.7_2013q1/bin/../lib/gcc/arm-none-eabi/4.7.3/../../../../arm-none-eabi/lib/armv7-m\libnosys.a(_exit.o)
